=== hybrid classifier ===
loading unified + variance ...
  unified rows: 38,840; variance rows: 36
  τ-table: 25 (length, codatype) entries; τ range: 0.1000 – 0.1580

[stage 1] anchoring Sharma 'real' labels ...
  8,119 Sharma-real rows anchored

[stage 2] Pacific kNN+τ match against Sharma-real ...
  22,940 Pacific codas matched a Sharma type

[stage 3] OPTICSxi discovery on Sharma-NOISE ∪ Pacific-residual
  (this calls ELKI per length; cached at data/cache/optics_hybrid_pool_n*.npz)
  -> 116 discovered clusters; 4,284 rows clustered, 2,341 NOISE

[writing] assignments.csv + discovered_clusters.csv ...
  -> data/diagnostics/hybrid_v1/

=== four numbers ===
1) Pacific matched to Sharma types: 22,940  / 28,980 = 79.2%
2) Pacific in new discovered clusters:  4,026  / 28,980 = 13.9%
3) Pool members remaining NOISE:  2,341  / 6,625 = 35.3%
4) Sharma-NOISE second-chance:
     clustered with Pacific:   258  / 600 = 43.0%
     stayed NOISE:             327  / 600 = 54.5%

=== piano-roll rendering ===
  rendering 25 Sharma 'real' types ...
  rendering 116 discovered clusters ...
  rendering NOISE sample (2,341 total)

artefacts under diagnostics/hybrid_v1/piano_rolls
