loaded 8719 codas; in 3..10 range: 8704
  ELKI: n=3 xi=0.04 minpts=5 (103 codas)...
    -> 10 clusters (2 named vs Gero's 2), acc=97.1%
  ELKI: n=3 xi=0.04 minpts=7 (103 codas)...
    -> 6 clusters (2 named vs Gero's 2), acc=95.1%
  ELKI: n=3 xi=0.04 minpts=8 (103 codas)...
    -> 5 clusters (2 named vs Gero's 2), acc=92.2%
  ELKI: n=3 xi=0.04 minpts=9 (103 codas)...
    -> 4 clusters (2 named vs Gero's 2), acc=92.2%
  ELKI: n=3 xi=0.04 minpts=10 (103 codas)...
    -> 4 clusters (2 named vs Gero's 2), acc=93.2%
  ELKI: n=3 xi=0.04 minpts=11 (103 codas)...
    -> 3 clusters (2 named vs Gero's 2), acc=93.2%
  ELKI: n=3 xi=0.04 minpts=12 (103 codas)...
    -> 3 clusters (2 named vs Gero's 2), acc=96.1%
  ELKI: n=3 xi=0.04 minpts=15 (103 codas)...
    -> 3 clusters (2 named vs Gero's 2), acc=98.1%
  ELKI: n=3 xi=0.04 minpts=20 (103 codas)...
    -> 3 clusters (2 named vs Gero's 2), acc=100.0%
  ELKI: n=3 xi=0.04 minpts=30 (103 codas)...
    -> 1 clusters (1 named vs Gero's 2), acc=59.2%
  ELKI: n=3 xi=0.04 minpts=50 (103 codas)...
    -> 1 clusters (1 named vs Gero's 2), acc=59.2%
  ELKI: n=4 xi=0.04 minpts=5 (818 codas)...
    -> 40 clusters (5 named vs Gero's 5), acc=95.7%
  ELKI: n=4 xi=0.04 minpts=7 (818 codas)...
    -> 30 clusters (5 named vs Gero's 5), acc=95.1%
  ELKI: n=4 xi=0.04 minpts=8 (818 codas)...
    -> 23 clusters (5 named vs Gero's 5), acc=95.6%
  ELKI: n=4 xi=0.04 minpts=9 (818 codas)...
    -> 24 clusters (5 named vs Gero's 5), acc=95.8%
  ELKI: n=4 xi=0.04 minpts=10 (818 codas)...
    -> 24 clusters (5 named vs Gero's 5), acc=95.6%
  ELKI: n=4 xi=0.04 minpts=11 (818 codas)...
    -> 17 clusters (5 named vs Gero's 5), acc=95.8%
  ELKI: n=4 xi=0.04 minpts=12 (818 codas)...
    -> 22 clusters (5 named vs Gero's 5), acc=96.0%
  ELKI: n=4 xi=0.04 minpts=15 (818 codas)...
    -> 10 clusters (5 named vs Gero's 5), acc=96.0%
  ELKI: n=4 xi=0.04 minpts=20 (818 codas)...
    -> 10 clusters (5 named vs Gero's 5), acc=96.1%
  ELKI: n=4 xi=0.04 minpts=30 (818 codas)...
    -> 7 clusters (5 named vs Gero's 5), acc=97.6%
  ELKI: n=4 xi=0.04 minpts=50 (818 codas)...
    -> 6 clusters (5 named vs Gero's 5), acc=93.9%
  ELKI: n=5 xi=0.04 minpts=5 (6384 codas)...
    -> 114 clusters (5 named vs Gero's 5), acc=75.7%
  ELKI: n=5 xi=0.04 minpts=7 (6384 codas)...
    -> 44 clusters (5 named vs Gero's 5), acc=74.1%
  ELKI: n=5 xi=0.04 minpts=8 (6384 codas)...
    -> 34 clusters (5 named vs Gero's 5), acc=73.6%
  ELKI: n=5 xi=0.04 minpts=9 (6384 codas)...
    -> 25 clusters (5 named vs Gero's 5), acc=73.2%
  ELKI: n=5 xi=0.04 minpts=10 (6384 codas)...
    -> 20 clusters (5 named vs Gero's 5), acc=95.8%
  ELKI: n=5 xi=0.04 minpts=11 (6384 codas)...
    -> 14 clusters (5 named vs Gero's 5), acc=72.7%
  ELKI: n=5 xi=0.04 minpts=12 (6384 codas)...
    -> 10 clusters (5 named vs Gero's 5), acc=72.4%
  ELKI: n=5 xi=0.04 minpts=15 (6384 codas)...
    -> 8 clusters (4 named vs Gero's 5), acc=72.2%
  ELKI: n=5 xi=0.04 minpts=20 (6384 codas)...
    -> 6 clusters (4 named vs Gero's 5), acc=71.8%
  ELKI: n=5 xi=0.04 minpts=30 (6384 codas)...
    -> 4 clusters (4 named vs Gero's 5), acc=90.7%
  ELKI: n=5 xi=0.04 minpts=50 (6384 codas)...
    -> 3 clusters (3 named vs Gero's 5), acc=67.4%
  ELKI: n=6 xi=0.04 minpts=5 (427 codas)...
    -> 17 clusters (2 named vs Gero's 2), acc=97.0%
  ELKI: n=6 xi=0.04 minpts=7 (427 codas)...
    -> 18 clusters (2 named vs Gero's 2), acc=98.4%
  ELKI: n=6 xi=0.04 minpts=8 (427 codas)...
    -> 15 clusters (2 named vs Gero's 2), acc=97.7%
  ELKI: n=6 xi=0.04 minpts=9 (427 codas)...
    -> 14 clusters (2 named vs Gero's 2), acc=97.9%
  ELKI: n=6 xi=0.04 minpts=10 (427 codas)...
    -> 10 clusters (2 named vs Gero's 2), acc=97.9%
  ELKI: n=6 xi=0.04 minpts=11 (427 codas)...
    -> 11 clusters (2 named vs Gero's 2), acc=98.8%
  ELKI: n=6 xi=0.04 minpts=12 (427 codas)...
    -> 7 clusters (2 named vs Gero's 2), acc=98.4%
  ELKI: n=6 xi=0.04 minpts=15 (427 codas)...
    -> 5 clusters (2 named vs Gero's 2), acc=98.8%
  ELKI: n=6 xi=0.04 minpts=20 (427 codas)...
    -> 3 clusters (2 named vs Gero's 2), acc=99.8%
  ELKI: n=6 xi=0.04 minpts=30 (427 codas)...
    -> 5 clusters (2 named vs Gero's 2), acc=95.6%
  ELKI: n=6 xi=0.04 minpts=50 (427 codas)...
    -> 2 clusters (1 named vs Gero's 2), acc=78.2%
  ELKI: n=7 xi=0.04 minpts=5 (405 codas)...
    -> 27 clusters (4 named vs Gero's 4), acc=96.5%
  ELKI: n=7 xi=0.04 minpts=7 (405 codas)...
    -> 16 clusters (4 named vs Gero's 4), acc=95.6%
  ELKI: n=7 xi=0.04 minpts=8 (405 codas)...
    -> 14 clusters (4 named vs Gero's 4), acc=95.1%
  ELKI: n=7 xi=0.04 minpts=9 (405 codas)...
    -> 10 clusters (4 named vs Gero's 4), acc=94.8%
  ELKI: n=7 xi=0.04 minpts=10 (405 codas)...
    -> 11 clusters (4 named vs Gero's 4), acc=94.8%
  ELKI: n=7 xi=0.04 minpts=11 (405 codas)...
    -> 9 clusters (3 named vs Gero's 4), acc=91.1%
  ELKI: n=7 xi=0.04 minpts=12 (405 codas)...
    -> 8 clusters (4 named vs Gero's 4), acc=95.1%
  ELKI: n=7 xi=0.04 minpts=15 (405 codas)...
    -> 7 clusters (3 named vs Gero's 4), acc=91.1%
  ELKI: n=7 xi=0.04 minpts=20 (405 codas)...
    -> 7 clusters (4 named vs Gero's 4), acc=99.8%
  ELKI: n=7 xi=0.04 minpts=30 (405 codas)...
    -> 5 clusters (4 named vs Gero's 4), acc=95.8%
  ELKI: n=7 xi=0.04 minpts=50 (405 codas)...
    -> 3 clusters (3 named vs Gero's 4), acc=84.2%
  ELKI: n=8 xi=0.04 minpts=5 (275 codas)...
    -> 14 clusters (3 named vs Gero's 3), acc=96.0%
  ELKI: n=8 xi=0.04 minpts=7 (275 codas)...
    -> 10 clusters (3 named vs Gero's 3), acc=96.7%
  ELKI: n=8 xi=0.04 minpts=8 (275 codas)...
    -> 9 clusters (3 named vs Gero's 3), acc=96.7%
  ELKI: n=8 xi=0.04 minpts=9 (275 codas)...
    -> 9 clusters (3 named vs Gero's 3), acc=97.8%
  ELKI: n=8 xi=0.04 minpts=10 (275 codas)...
    -> 7 clusters (3 named vs Gero's 3), acc=97.8%
  ELKI: n=8 xi=0.04 minpts=11 (275 codas)...
    -> 5 clusters (3 named vs Gero's 3), acc=94.2%
  ELKI: n=8 xi=0.04 minpts=12 (275 codas)...
    -> 4 clusters (3 named vs Gero's 3), acc=97.1%
  ELKI: n=8 xi=0.04 minpts=15 (275 codas)...
    -> 5 clusters (3 named vs Gero's 3), acc=93.5%
  ELKI: n=8 xi=0.04 minpts=20 (275 codas)...
    -> 4 clusters (3 named vs Gero's 3), acc=100.0%
  ELKI: n=8 xi=0.04 minpts=30 (275 codas)...
    -> 3 clusters (2 named vs Gero's 3), acc=86.2%
  ELKI: n=8 xi=0.04 minpts=50 (275 codas)...
    -> 2 clusters (2 named vs Gero's 3), acc=85.8%
  ELKI: n=9 xi=0.04 minpts=5 (196 codas)...
    -> 14 clusters (2 named vs Gero's 2), acc=98.0%
  ELKI: n=9 xi=0.04 minpts=7 (196 codas)...
    -> 8 clusters (2 named vs Gero's 2), acc=98.0%
  ELKI: n=9 xi=0.04 minpts=8 (196 codas)...
    -> 8 clusters (2 named vs Gero's 2), acc=98.0%
  ELKI: n=9 xi=0.04 minpts=9 (196 codas)...
    -> 9 clusters (2 named vs Gero's 2), acc=98.0%
  ELKI: n=9 xi=0.04 minpts=10 (196 codas)...
    -> 7 clusters (2 named vs Gero's 2), acc=99.0%
  ELKI: n=9 xi=0.04 minpts=11 (196 codas)...
    -> 7 clusters (2 named vs Gero's 2), acc=99.0%
  ELKI: n=9 xi=0.04 minpts=12 (196 codas)...
    -> 6 clusters (2 named vs Gero's 2), acc=98.5%
  ELKI: n=9 xi=0.04 minpts=15 (196 codas)...
    -> 4 clusters (2 named vs Gero's 2), acc=98.5%
  ELKI: n=9 xi=0.04 minpts=20 (196 codas)...
    -> 4 clusters (2 named vs Gero's 2), acc=98.5%
  ELKI: n=9 xi=0.04 minpts=30 (196 codas)...
    -> 3 clusters (2 named vs Gero's 2), acc=100.0%
  ELKI: n=9 xi=0.04 minpts=50 (196 codas)...
    -> 1 clusters (1 named vs Gero's 2), acc=69.9%
  ELKI: n=10 xi=0.04 minpts=5 (96 codas)...
    -> 9 clusters (2 named vs Gero's 2), acc=96.9%
  ELKI: n=10 xi=0.04 minpts=7 (96 codas)...
    -> 4 clusters (2 named vs Gero's 2), acc=96.9%
  ELKI: n=10 xi=0.04 minpts=8 (96 codas)...
    -> 4 clusters (2 named vs Gero's 2), acc=96.9%
  ELKI: n=10 xi=0.04 minpts=9 (96 codas)...
    -> 4 clusters (2 named vs Gero's 2), acc=96.9%
  ELKI: n=10 xi=0.04 minpts=10 (96 codas)...
    -> 4 clusters (2 named vs Gero's 2), acc=96.9%
  ELKI: n=10 xi=0.04 minpts=11 (96 codas)...
    -> 3 clusters (2 named vs Gero's 2), acc=99.0%
  ELKI: n=10 xi=0.04 minpts=12 (96 codas)...
    -> 3 clusters (2 named vs Gero's 2), acc=99.0%
  ELKI: n=10 xi=0.04 minpts=15 (96 codas)...
    -> 3 clusters (2 named vs Gero's 2), acc=99.0%
  ELKI: n=10 xi=0.04 minpts=20 (96 codas)...
    -> 3 clusters (2 named vs Gero's 2), acc=100.0%
  ELKI: n=10 xi=0.04 minpts=30 (96 codas)...
    -> 3 clusters (2 named vs Gero's 2), acc=100.0%
  ELKI: n=10 xi=0.04 minpts=50 (96 codas)...
    -> 1 clusters (1 named vs Gero's 2), acc=57.3%

=== sweep summary ===
 n minpts     xi  codas clusters named/ gero    acc
 3      5  0.040    103       10     2/    2  97.1%
 3      7  0.040    103        6     2/    2  95.1%
 3      8  0.040    103        5     2/    2  92.2%
 3      9  0.040    103        4     2/    2  92.2%
 3     10  0.040    103        4     2/    2  93.2%
 3     11  0.040    103        3     2/    2  93.2%
 3     12  0.040    103        3     2/    2  96.1%
 3     15  0.040    103        3     2/    2  98.1%
 3     20  0.040    103        3     2/    2 100.0%
 3     30  0.040    103        1     1/    2  59.2%
 3     50  0.040    103        1     1/    2  59.2%
 4      5  0.040    818       40     5/    5  95.7%
 4      7  0.040    818       30     5/    5  95.1%
 4      8  0.040    818       23     5/    5  95.6%
 4      9  0.040    818       24     5/    5  95.8%
 4     10  0.040    818       24     5/    5  95.6%
 4     11  0.040    818       17     5/    5  95.8%
 4     12  0.040    818       22     5/    5  96.0%
 4     15  0.040    818       10     5/    5  96.0%
 4     20  0.040    818       10     5/    5  96.1%
 4     30  0.040    818        7     5/    5  97.6%
 4     50  0.040    818        6     5/    5  93.9%
 5      5  0.040   6384      114     5/    5  75.7%
 5      7  0.040   6384       44     5/    5  74.1%
 5      8  0.040   6384       34     5/    5  73.6%
 5      9  0.040   6384       25     5/    5  73.2%
 5     10  0.040   6384       20     5/    5  95.8%
 5     11  0.040   6384       14     5/    5  72.7%
 5     12  0.040   6384       10     5/    5  72.4%
 5     15  0.040   6384        8     4/    5  72.2%
 5     20  0.040   6384        6     4/    5  71.8%
 5     30  0.040   6384        4     4/    5  90.7%
 5     50  0.040   6384        3     3/    5  67.4%
 6      5  0.040    427       17     2/    2  97.0%
 6      7  0.040    427       18     2/    2  98.4%
 6      8  0.040    427       15     2/    2  97.7%
 6      9  0.040    427       14     2/    2  97.9%
 6     10  0.040    427       10     2/    2  97.9%
 6     11  0.040    427       11     2/    2  98.8%
 6     12  0.040    427        7     2/    2  98.4%
 6     15  0.040    427        5     2/    2  98.8%
 6     20  0.040    427        3     2/    2  99.8%
 6     30  0.040    427        5     2/    2  95.6%
 6     50  0.040    427        2     1/    2  78.2%
 7      5  0.040    405       27     4/    4  96.5%
 7      7  0.040    405       16     4/    4  95.6%
 7      8  0.040    405       14     4/    4  95.1%
 7      9  0.040    405       10     4/    4  94.8%
 7     10  0.040    405       11     4/    4  94.8%
 7     11  0.040    405        9     3/    4  91.1%
 7     12  0.040    405        8     4/    4  95.1%
 7     15  0.040    405        7     3/    4  91.1%
 7     20  0.040    405        7     4/    4  99.8%
 7     30  0.040    405        5     4/    4  95.8%
 7     50  0.040    405        3     3/    4  84.2%
 8      5  0.040    275       14     3/    3  96.0%
 8      7  0.040    275       10     3/    3  96.7%
 8      8  0.040    275        9     3/    3  96.7%
 8      9  0.040    275        9     3/    3  97.8%
 8     10  0.040    275        7     3/    3  97.8%
 8     11  0.040    275        5     3/    3  94.2%
 8     12  0.040    275        4     3/    3  97.1%
 8     15  0.040    275        5     3/    3  93.5%
 8     20  0.040    275        4     3/    3 100.0%
 8     30  0.040    275        3     2/    3  86.2%
 8     50  0.040    275        2     2/    3  85.8%
 9      5  0.040    196       14     2/    2  98.0%
 9      7  0.040    196        8     2/    2  98.0%
 9      8  0.040    196        8     2/    2  98.0%
 9      9  0.040    196        9     2/    2  98.0%
 9     10  0.040    196        7     2/    2  99.0%
 9     11  0.040    196        7     2/    2  99.0%
 9     12  0.040    196        6     2/    2  98.5%
 9     15  0.040    196        4     2/    2  98.5%
 9     20  0.040    196        4     2/    2  98.5%
 9     30  0.040    196        3     2/    2 100.0%
 9     50  0.040    196        1     1/    2  69.9%
10      5  0.040     96        9     2/    2  96.9%
10      7  0.040     96        4     2/    2  96.9%
10      8  0.040     96        4     2/    2  96.9%
10      9  0.040     96        4     2/    2  96.9%
10     10  0.040     96        4     2/    2  96.9%
10     11  0.040     96        3     2/    2  99.0%
10     12  0.040     96        3     2/    2  99.0%
10     15  0.040     96        3     2/    2  99.0%
10     20  0.040     96        3     2/    2 100.0%
10     30  0.040     96        3     2/    2 100.0%
10     50  0.040     96        1     1/    2  57.3%

=== aggregate accuracy at fixed minpts ===
minpts  aggregate   codas
     5     81.22%    8704 <- best fixed
     7     80.00%    8704
     8     79.57%    8704
     9     79.39%    8704
    10     95.94%    8704 <- best fixed
    11     78.85%    8704
    12     78.91%    8704
    15     78.47%    8704
    20     78.92%    8704
    30     91.65%    8704
    50     71.67%    8704

=== best minpts per length (oracle, upper bound) ===
  n=3: best minpts=20, clusters=3, acc=100.0%
  n=4: best minpts=30, clusters=7, acc=97.6%
  n=5: best minpts=10, clusters=20, acc=95.8%
  n=6: best minpts=20, clusters=3, acc=99.8%
  n=7: best minpts=20, clusters=7, acc=99.8%
  n=8: best minpts=20, clusters=4, acc=100.0%
  n=9: best minpts=30, clusters=3, acc=100.0%
  n=10: best minpts=20, clusters=3, acc=100.0%

Oracle aggregate (per-bucket optimal): 96.66% on 8704 codas
Best fixed minpts: 10 -> 95.94%
