loaded whale: 171 conversations, V=467, dt scheme=whale (6 buckets), K=50
train windows: (18250, 51);  val windows: (6742, 51)
model + dt_head params: 163,929
Moving model to device:  cpu
epoch   1  train coda=4.479 dt=0.974  | val coda=4.222 dt=0.789
epoch   2  train coda=3.378 dt=0.667  | val coda=3.992 dt=0.843
epoch   3  train coda=3.206 dt=0.614  | val coda=3.945 dt=0.889
epoch   4  train coda=3.124 dt=0.587  | val coda=3.929 dt=0.933
epoch   5  train coda=3.073 dt=0.572  | val coda=3.905 dt=0.963
epoch   6  train coda=3.038 dt=0.562  | val coda=3.903 dt=1.002
epoch   7  train coda=3.011 dt=0.553  | val coda=3.921 dt=1.001
epoch   8  train coda=2.990 dt=0.548  | val coda=3.898 dt=1.014
epoch   9  train coda=2.975 dt=0.543  | val coda=3.897 dt=1.050
epoch  10  train coda=2.961 dt=0.541  | val coda=3.898 dt=1.051
early stop at epoch 10
Moving model to device:  cpu
val final-position coda bpt: 5.6218  (M7 benchmark on whale: 3.186)
val final-position coda acc: 0.2536
val final-position dt   bpt: 1.3420
val final-position dt   acc: 0.7097

wrote checkpoint to /home/dmrivers/Code/whale-grammar/outputs/grammar/checkpoints/whale/
