loaded multilang: 411 conversations, V=867, dt scheme=multilang (5 buckets), K=50
held-out seeds (clean tiers only): ['zh_birth::zh::Zhou3::001128::33', 'zh_dswp::zh::TCCM::010800::13']
train windows: (16781, 51);  val windows: (1700, 51)
model + dt_head params: 215,464
Moving model to device:  cpu
epoch   1  train coda=5.851 dt=0.998  | val coda=5.519 dt=0.709
epoch   2  train coda=5.142 dt=0.819  | val coda=5.342 dt=0.702
epoch   3  train coda=4.932 dt=0.807  | val coda=5.290 dt=0.692
epoch   4  train coda=4.806 dt=0.802  | val coda=5.264 dt=0.690
epoch   5  train coda=4.717 dt=0.797  | val coda=5.264 dt=0.689
epoch   6  train coda=4.653 dt=0.796  | val coda=5.265 dt=0.691
epoch   7  train coda=4.604 dt=0.791  | val coda=5.269 dt=0.683
epoch   8  train coda=4.567 dt=0.790  | val coda=5.273 dt=0.687
epoch   9  train coda=4.534 dt=0.789  | val coda=5.283 dt=0.675
early stop at epoch 9
Moving model to device:  cpu
val final-position coda bpt: 7.6315  (M7 benchmark on whale: 3.186)
val final-position coda acc: 0.0641
val final-position dt   bpt: 1.2621
val final-position dt   acc: 0.6976

wrote checkpoint to /home/dmrivers/Code/whale-grammar/outputs/grammar/checkpoints/multilang/
